
> nico-tatuaggi-web@0.0.1 build
> astro build

node.exe : [31m[NoAdapterI
nstalled][39m Cannot use 
server-rendered pages 
without an adapter. Please 
install and configure the 
appropriate server adapter 
for your final deployment.
At line:1 char:1
+ & "C:\Program 
Files\nodejs/node.exe" 
"C:\Program 
Files\nodejs/node_mo ...
+ ~~~~~~~~~~~~~~~~~~~~~~~~~
~~~~~~~~~~~~~~~~~~~~~~~~~~~
~~~~~~~~~~~~~~~~~
    + CategoryInfo         
     : NotSpecified: ([3  
  1m[NoAdapter...nal dep   
 loyment.:String) [], R    
emoteException
    + FullyQualifiedErrorI 
   d : NativeCommandError
 
  [1mHint:[22m
[33m    See [4mhttps://do
cs.astro.build/en/guides/on
-demand-rendering/[24m 
for more information.[39m
  [1mError reference:[22m
    [36m[4mhttps://docs.a
stro.build/en/reference/err
ors/no-adapter-installed/[
24m[39m
  [1mLocation:[22m
    [4mC:\Users\ville\nico
-tatuaggi-web\node_modules\
astro\dist\core\build\index
.js:80:13[24m
  [1mStack trace:[22m
[2m    at 
AstroBuilder.setup (file://
/C:/Users/ville/nico-tatuag
gi-web/node_modules/astro/d
ist/core/build/index.js:80:
13)
    at async build (file://
/C:/Users/ville/nico-tatuag
gi-web/node_modules/astro/d
ist/core/build/index.js:45:
3)
    at async runCommand (fi
le:///C:/Users/ville/nico-t
atuaggi-web/node_modules/as
tro/dist/cli/index.js:210:7
)[22m
